00:13:28 **** Incremental Build of configuration Debug for project main_code ****
make -j8 all 
arm-none-eabi-gcc "../Core/Src/mainloop.c" -mcpu=cortex-m4 -std=gnu11 -g3 -DDEBUG -DUSE_HAL_DRIVER -DSTM32L476xx -c -I../Core/Inc -I../Drivers/STM32L4xx_HAL_Driver/Inc -I../Drivers/STM32L4xx_HAL_Driver/Inc/Legacy -I../Drivers/CMSIS/Device/ST/STM32L4xx/Include -I../Drivers/CMSIS/Include -O0 -ffunction-sections -fdata-sections -Wall -fstack-usage -fcyclomatic-complexity -MMD -MP -MF"Core/Src/mainloop.d" -MT"Core/Src/mainloop.o" --specs=nano.specs -mfpu=fpv4-sp-d16 -mfloat-abi=hard -mthumb -o "Core/Src/mainloop.o"
../Core/Src/mainloop.c: In function 'run':
../Core/Src/mainloop.c:77:21: warning: implicit declaration of function 'strcmp' [-Wimplicit-function-declaration]
   77 |                 if (strcmp(argv[1], variables[i].name) == 0){
      |                     ^~~~~~
../Core/Src/mainloop.c:14:1: note: include '<string.h>' or provide a declaration of 'strcmp'
   13 | #include "states.h"
  +++ |+#include <string.h>
   14 | 
../Core/Src/mainloop.c:79:21: warning: implicit declaration of function 'strncpy' [-Wimplicit-function-declaration]
   79 |                     strncpy(unit, variables[i].unit, sizeof(unit));
      |                     ^~~~~~~
../Core/Src/mainloop.c:79:21: note: include '<string.h>' or provide a declaration of 'strncpy'
../Core/Src/mainloop.c:79:21: warning: incompatible implicit declaration of built-in function 'strncpy' [-Wbuiltin-declaration-mismatch]
../Core/Src/mainloop.c:79:21: note: include '<string.h>' or provide a declaration of 'strncpy'
../Core/Src/mainloop.c:97:13: warning: implicit declaration of function 'memset' [-Wimplicit-function-declaration]
   97 |             memset(message, 0, BUFF_SIZE);
      |             ^~~~~~
../Core/Src/mainloop.c:97:13: note: include '<string.h>' or provide a declaration of 'memset'
../Core/Src/mainloop.c:97:13: warning: incompatible implicit declaration of built-in function 'memset' [-Wbuiltin-declaration-mismatch]
../Core/Src/mainloop.c:97:13: note: include '<string.h>' or provide a declaration of 'memset'
../Core/Src/mainloop.c:99:21: warning: implicit declaration of function 'find_value' [-Wimplicit-function-declaration]
   99 |             int x = find_value("translation_starting_point") + (int)(translation_index*t_step);
      |                     ^~~~~~~~~~
../Core/Src/mainloop.c:176:17: warning: incompatible implicit declaration of built-in function 'memset' [-Wbuiltin-declaration-mismatch]
  176 |                 memset(message, 0, BUFF_SIZE);
      |                 ^~~~~~
../Core/Src/mainloop.c:176:17: note: include '<string.h>' or provide a declaration of 'memset'
../Core/Src/mainloop.c:187:17: warning: incompatible implicit declaration of built-in function 'memset' [-Wbuiltin-declaration-mismatch]
  187 |                 memset(message, 0, BUFF_SIZE);
      |                 ^~~~~~
../Core/Src/mainloop.c:187:17: note: include '<string.h>' or provide a declaration of 'memset'
../Core/Src/mainloop.c:197:13: warning: incompatible implicit declaration of built-in function 'memset' [-Wbuiltin-declaration-mismatch]
  197 |             memset(message, 0, BUFF_SIZE);
      |             ^~~~~~
../Core/Src/mainloop.c:197:13: note: include '<string.h>' or provide a declaration of 'memset'
../Core/Src/mainloop.c:274:13: warning: incompatible implicit declaration of built-in function 'memset' [-Wbuiltin-declaration-mismatch]
  274 |             memset(message, 0, BUFF_SIZE);
      |             ^~~~~~
../Core/Src/mainloop.c:274:13: note: include '<string.h>' or provide a declaration of 'memset'
../Core/Src/mainloop.c:299:13: warning: incompatible implicit declaration of built-in function 'memset' [-Wbuiltin-declaration-mismatch]
  299 |             memset(message, 0, BUFF_SIZE);
      |             ^~~~~~
../Core/Src/mainloop.c:299:13: note: include '<string.h>' or provide a declaration of 'memset'
../Core/Src/mainloop.c:343:13: warning: implicit declaration of function 'update_speeds' [-Wimplicit-function-declaration]
  343 |             update_speeds(find_value("translation_speed"), find_value("rotation_speed"));
      |             ^~~~~~~~~~~~~
../Core/Src/mainloop.c:361:13: warning: incompatible implicit declaration of built-in function 'memset' [-Wbuiltin-declaration-mismatch]
  361 |             memset(message, 0, sizeof(message));
      |             ^~~~~~
../Core/Src/mainloop.c:361:13: note: include '<string.h>' or provide a declaration of 'memset'
arm-none-eabi-gcc -o "main_code.elf" @"objects.list"   -mcpu=cortex-m4 -T"C:\Cloud\Endoscope-Support\stm32_code\main_code\STM32L476RGTX_FLASH.ld" --specs=nosys.specs -Wl,-Map="main_code.map" -Wl,--gc-sections -static -u _printf_float --specs=nano.specs -mfpu=fpv4-sp-d16 -mfloat-abi=hard -mthumb -Wl,--start-group -lc -lm -Wl,--end-group
Finished building target: main_code.elf
 
arm-none-eabi-size  main_code.elf 
arm-none-eabi-objdump -h -S main_code.elf  > "main_code.list"
   text	   data	    bss	    dec	    hex	filename
  46088	   2104	   2576	  50768	   c650	main_code.elf
Finished building: default.size.stdout
 
Finished building: main_code.list
 
00:13:31 **** Incremental Build of configuration Debug for project main_code ****
make -j8 all 
arm-none-eabi-size  main_code.elf 
   text	   data	    bss	    dec	    hex	filename
  46088	   2104	   2576	  50768	   c650	main_code.elf
Finished building: default.size.stdout
 
00:16:25 **** Incremental Build of configuration Debug for project main_code ****
make -j8 all 
arm-none-eabi-gcc "../Core/Src/mainloop.c" -mcpu=cortex-m4 -std=gnu11 -g3 -DDEBUG -DUSE_HAL_DRIVER -DSTM32L476xx -c -I../Core/Inc -I../Drivers/STM32L4xx_HAL_Driver/Inc -I../Drivers/STM32L4xx_HAL_Driver/Inc/Legacy -I../Drivers/CMSIS/Device/ST/STM32L4xx/Include -I../Drivers/CMSIS/Include -O0 -ffunction-sections -fdata-sections -Wall -fstack-usage -fcyclomatic-complexity -MMD -MP -MF"Core/Src/mainloop.d" -MT"Core/Src/mainloop.o" --specs=nano.specs -mfpu=fpv4-sp-d16 -mfloat-abi=hard -mthumb -o "Core/Src/mainloop.o"
../Core/Src/mainloop.c: In function 'run':
../Core/Src/mainloop.c:77:21: warning: implicit declaration of function 'strcmp' [-Wimplicit-function-declaration]
   77 |                 if (strcmp(argv[1], variables[i].name) == 0){
      |                     ^~~~~~
../Core/Src/mainloop.c:14:1: note: include '<string.h>' or provide a declaration of 'strcmp'
   13 | #include "states.h"
  +++ |+#include <string.h>
   14 | 
../Core/Src/mainloop.c:79:21: warning: implicit declaration of function 'strncpy' [-Wimplicit-function-declaration]
   79 |                     strncpy(unit, variables[i].unit, sizeof(unit));
      |                     ^~~~~~~
../Core/Src/mainloop.c:79:21: note: include '<string.h>' or provide a declaration of 'strncpy'
../Core/Src/mainloop.c:79:21: warning: incompatible implicit declaration of built-in function 'strncpy' [-Wbuiltin-declaration-mismatch]
../Core/Src/mainloop.c:79:21: note: include '<string.h>' or provide a declaration of 'strncpy'
../Core/Src/mainloop.c:97:13: warning: implicit declaration of function 'memset' [-Wimplicit-function-declaration]
   97 |             memset(message, 0, BUFF_SIZE);
      |             ^~~~~~
../Core/Src/mainloop.c:97:13: note: include '<string.h>' or provide a declaration of 'memset'
../Core/Src/mainloop.c:97:13: warning: incompatible implicit declaration of built-in function 'memset' [-Wbuiltin-declaration-mismatch]
../Core/Src/mainloop.c:97:13: note: include '<string.h>' or provide a declaration of 'memset'
../Core/Src/mainloop.c:99:21: warning: implicit declaration of function 'find_value' [-Wimplicit-function-declaration]
   99 |             int x = find_value("translation_starting_point") + (int)(translation_index*t_step);
      |                     ^~~~~~~~~~
../Core/Src/mainloop.c:219:21: warning: incompatible implicit declaration of built-in function 'memset' [-Wbuiltin-declaration-mismatch]
  219 |                     memset(message, 0, BUFF_SIZE);
      |                     ^~~~~~
../Core/Src/mainloop.c:219:21: note: include '<string.h>' or provide a declaration of 'memset'
../Core/Src/mainloop.c:245:25: warning: incompatible implicit declaration of built-in function 'memset' [-Wbuiltin-declaration-mismatch]
  245 |                         memset(message, 0, BUFF_SIZE);
      |                         ^~~~~~
../Core/Src/mainloop.c:245:25: note: include '<string.h>' or provide a declaration of 'memset'
../Core/Src/mainloop.c:258:13: warning: incompatible implicit declaration of built-in function 'memset' [-Wbuiltin-declaration-mismatch]
  258 |             memset(message, 0, BUFF_SIZE);
      |             ^~~~~~
../Core/Src/mainloop.c:258:13: note: include '<string.h>' or provide a declaration of 'memset'
../Core/Src/mainloop.c:277:13: warning: incompatible implicit declaration of built-in function 'memset' [-Wbuiltin-declaration-mismatch]
  277 |             memset(message, 0, BUFF_SIZE);
      |             ^~~~~~
../Core/Src/mainloop.c:277:13: note: include '<string.h>' or provide a declaration of 'memset'
../Core/Src/mainloop.c:302:13: warning: incompatible implicit declaration of built-in function 'memset' [-Wbuiltin-declaration-mismatch]
  302 |             memset(message, 0, BUFF_SIZE);
      |             ^~~~~~
../Core/Src/mainloop.c:302:13: note: include '<string.h>' or provide a declaration of 'memset'
../Core/Src/mainloop.c:346:13: warning: implicit declaration of function 'update_speeds' [-Wimplicit-function-declaration]
  346 |             update_speeds(find_value("translation_speed"), find_value("rotation_speed"));
      |             ^~~~~~~~~~~~~
../Core/Src/mainloop.c:364:13: warning: incompatible implicit declaration of built-in function 'memset' [-Wbuiltin-declaration-mismatch]
  364 |             memset(message, 0, sizeof(message));
      |             ^~~~~~
../Core/Src/mainloop.c:364:13: note: include '<string.h>' or provide a declaration of 'memset'
arm-none-eabi-gcc -o "main_code.elf" @"objects.list"   -mcpu=cortex-m4 -T"C:\Cloud\Endoscope-Support\stm32_code\main_code\STM32L476RGTX_FLASH.ld" --specs=nosys.specs -Wl,-Map="main_code.map" -Wl,--gc-sections -static -u _printf_float --specs=nano.specs -mfpu=fpv4-sp-d16 -mfloat-abi=hard -mthumb -Wl,--start-group -lc -lm -Wl,--end-group
Finished building target: main_code.elf
 
arm-none-eabi-size  main_code.elf 
arm-none-eabi-objdump -h -S main_code.elf  > "main_code.list"
   text	   data	    bss	    dec	    hex	filename
  45992	   2104	   2576	  50672	   c5f0	main_code.elf
Finished building: default.size.stdout
 
Finished building: main_code.list
 
00:18:27 **** Incremental Build of configuration Debug for project main_code ****
make -j8 all 
arm-none-eabi-gcc "../Core/Src/mainloop.c" -mcpu=cortex-m4 -std=gnu11 -g3 -DDEBUG -DUSE_HAL_DRIVER -DSTM32L476xx -c -I../Core/Inc -I../Drivers/STM32L4xx_HAL_Driver/Inc -I../Drivers/STM32L4xx_HAL_Driver/Inc/Legacy -I../Drivers/CMSIS/Device/ST/STM32L4xx/Include -I../Drivers/CMSIS/Include -O0 -ffunction-sections -fdata-sections -Wall -fstack-usage -fcyclomatic-complexity -MMD -MP -MF"Core/Src/mainloop.d" -MT"Core/Src/mainloop.o" --specs=nano.specs -mfpu=fpv4-sp-d16 -mfloat-abi=hard -mthumb -o "Core/Src/mainloop.o"
../Core/Src/mainloop.c: In function 'run':
../Core/Src/mainloop.c:73:21: warning: implicit declaration of function 'strcmp' [-Wimplicit-function-declaration]
   73 |                 if (strcmp(argv[1], variables[i].name) == 0){
      |                     ^~~~~~
../Core/Src/mainloop.c:14:1: note: include '<string.h>' or provide a declaration of 'strcmp'
   13 | #include "states.h"
  +++ |+#include <string.h>
   14 | 
../Core/Src/mainloop.c:75:21: warning: implicit declaration of function 'strncpy' [-Wimplicit-function-declaration]
   75 |                     strncpy(unit, variables[i].unit, sizeof(unit));
      |                     ^~~~~~~
../Core/Src/mainloop.c:75:21: note: include '<string.h>' or provide a declaration of 'strncpy'
../Core/Src/mainloop.c:75:21: warning: incompatible implicit declaration of built-in function 'strncpy' [-Wbuiltin-declaration-mismatch]
../Core/Src/mainloop.c:75:21: note: include '<string.h>' or provide a declaration of 'strncpy'
../Core/Src/mainloop.c:93:13: warning: implicit declaration of function 'memset' [-Wimplicit-function-declaration]
   93 |             memset(message, 0, BUFF_SIZE);
      |             ^~~~~~
../Core/Src/mainloop.c:93:13: note: include '<string.h>' or provide a declaration of 'memset'
../Core/Src/mainloop.c:93:13: warning: incompatible implicit declaration of built-in function 'memset' [-Wbuiltin-declaration-mismatch]
../Core/Src/mainloop.c:93:13: note: include '<string.h>' or provide a declaration of 'memset'
../Core/Src/mainloop.c:95:21: warning: implicit declaration of function 'find_value' [-Wimplicit-function-declaration]
   95 |             int x = find_value("translation_starting_point") + (int)(translation_index*t_step);
      |                     ^~~~~~~~~~
../Core/Src/mainloop.c:211:21: warning: incompatible implicit declaration of built-in function 'memset' [-Wbuiltin-declaration-mismatch]
  211 |                     memset(message, 0, BUFF_SIZE);
      |                     ^~~~~~
../Core/Src/mainloop.c:211:21: note: include '<string.h>' or provide a declaration of 'memset'
../Core/Src/mainloop.c:237:25: warning: incompatible implicit declaration of built-in function 'memset' [-Wbuiltin-declaration-mismatch]
  237 |                         memset(message, 0, BUFF_SIZE);
      |                         ^~~~~~
../Core/Src/mainloop.c:237:25: note: include '<string.h>' or provide a declaration of 'memset'
../Core/Src/mainloop.c:250:13: warning: incompatible implicit declaration of built-in function 'memset' [-Wbuiltin-declaration-mismatch]
  250 |             memset(message, 0, BUFF_SIZE);
      |             ^~~~~~
../Core/Src/mainloop.c:250:13: note: include '<string.h>' or provide a declaration of 'memset'
../Core/Src/mainloop.c:269:13: warning: incompatible implicit declaration of built-in function 'memset' [-Wbuiltin-declaration-mismatch]
  269 |             memset(message, 0, BUFF_SIZE);
      |             ^~~~~~
../Core/Src/mainloop.c:269:13: note: include '<string.h>' or provide a declaration of 'memset'
../Core/Src/mainloop.c:294:13: warning: incompatible implicit declaration of built-in function 'memset' [-Wbuiltin-declaration-mismatch]
  294 |             memset(message, 0, BUFF_SIZE);
      |             ^~~~~~
../Core/Src/mainloop.c:294:13: note: include '<string.h>' or provide a declaration of 'memset'
../Core/Src/mainloop.c:338:13: warning: implicit declaration of function 'update_speeds' [-Wimplicit-function-declaration]
  338 |             update_speeds(find_value("translation_speed"), find_value("rotation_speed"));
      |             ^~~~~~~~~~~~~
../Core/Src/mainloop.c:356:13: warning: incompatible implicit declaration of built-in function 'memset' [-Wbuiltin-declaration-mismatch]
  356 |             memset(message, 0, sizeof(message));
      |             ^~~~~~
../Core/Src/mainloop.c:356:13: note: include '<string.h>' or provide a declaration of 'memset'
arm-none-eabi-gcc -o "main_code.elf" @"objects.list"   -mcpu=cortex-m4 -T"C:\Cloud\Endoscope-Support\stm32_code\main_code\STM32L476RGTX_FLASH.ld" --specs=nosys.specs -Wl,-Map="main_code.map" -Wl,--gc-sections -static -u _printf_float --specs=nano.specs -mfpu=fpv4-sp-d16 -mfloat-abi=hard -mthumb -Wl,--start-group -lc -lm -Wl,--end-group
Finished building target: main_code.elf
 
arm-none-eabi-size  main_code.elf 
arm-none-eabi-objdump -h -S main_code.elf  > "main_code.list"
   text	   data	    bss	    dec	    hex	filename
  45912	   2104	   2576	  50592	   c5a0	main_code.elf
Finished building: default.size.stdout
 
Finished building: main_code.list
 
00:19:46 **** Incremental Build of configuration Debug for project main_code ****
make -j8 all 
arm-none-eabi-gcc "../Core/Src/mainloop.c" -mcpu=cortex-m4 -std=gnu11 -g3 -DDEBUG -DUSE_HAL_DRIVER -DSTM32L476xx -c -I../Core/Inc -I../Drivers/STM32L4xx_HAL_Driver/Inc -I../Drivers/STM32L4xx_HAL_Driver/Inc/Legacy -I../Drivers/CMSIS/Device/ST/STM32L4xx/Include -I../Drivers/CMSIS/Include -O0 -ffunction-sections -fdata-sections -Wall -fstack-usage -fcyclomatic-complexity -MMD -MP -MF"Core/Src/mainloop.d" -MT"Core/Src/mainloop.o" --specs=nano.specs -mfpu=fpv4-sp-d16 -mfloat-abi=hard -mthumb -o "Core/Src/mainloop.o"
../Core/Src/mainloop.c: In function 'run':
../Core/Src/mainloop.c:73:21: warning: implicit declaration of function 'strcmp' [-Wimplicit-function-declaration]
   73 |                 if (strcmp(argv[1], variables[i].name) == 0){
      |                     ^~~~~~
../Core/Src/mainloop.c:14:1: note: include '<string.h>' or provide a declaration of 'strcmp'
   13 | #include "states.h"
  +++ |+#include <string.h>
   14 | 
../Core/Src/mainloop.c:75:21: warning: implicit declaration of function 'strncpy' [-Wimplicit-function-declaration]
   75 |                     strncpy(unit, variables[i].unit, sizeof(unit));
      |                     ^~~~~~~
../Core/Src/mainloop.c:75:21: note: include '<string.h>' or provide a declaration of 'strncpy'
../Core/Src/mainloop.c:75:21: warning: incompatible implicit declaration of built-in function 'strncpy' [-Wbuiltin-declaration-mismatch]
../Core/Src/mainloop.c:75:21: note: include '<string.h>' or provide a declaration of 'strncpy'
../Core/Src/mainloop.c:93:13: warning: implicit declaration of function 'memset' [-Wimplicit-function-declaration]
   93 |             memset(message, 0, BUFF_SIZE);
      |             ^~~~~~
../Core/Src/mainloop.c:93:13: note: include '<string.h>' or provide a declaration of 'memset'
../Core/Src/mainloop.c:93:13: warning: incompatible implicit declaration of built-in function 'memset' [-Wbuiltin-declaration-mismatch]
../Core/Src/mainloop.c:93:13: note: include '<string.h>' or provide a declaration of 'memset'
../Core/Src/mainloop.c:95:21: warning: implicit declaration of function 'find_value' [-Wimplicit-function-declaration]
   95 |             int x = find_value("translation_starting_point") + (int)(translation_index*t_step);
      |                     ^~~~~~~~~~
../Core/Src/mainloop.c:208:21: warning: incompatible implicit declaration of built-in function 'memset' [-Wbuiltin-declaration-mismatch]
  208 |                     memset(message, 0, BUFF_SIZE);
      |                     ^~~~~~
../Core/Src/mainloop.c:208:21: note: include '<string.h>' or provide a declaration of 'memset'
../Core/Src/mainloop.c:260:13: warning: incompatible implicit declaration of built-in function 'memset' [-Wbuiltin-declaration-mismatch]
  260 |             memset(message, 0, BUFF_SIZE);
      |             ^~~~~~
../Core/Src/mainloop.c:260:13: note: include '<string.h>' or provide a declaration of 'memset'
../Core/Src/mainloop.c:285:13: warning: incompatible implicit declaration of built-in function 'memset' [-Wbuiltin-declaration-mismatch]
  285 |             memset(message, 0, BUFF_SIZE);
      |             ^~~~~~
../Core/Src/mainloop.c:285:13: note: include '<string.h>' or provide a declaration of 'memset'
../Core/Src/mainloop.c:329:13: warning: implicit declaration of function 'update_speeds' [-Wimplicit-function-declaration]
  329 |             update_speeds(find_value("translation_speed"), find_value("rotation_speed"));
      |             ^~~~~~~~~~~~~
../Core/Src/mainloop.c:347:13: warning: incompatible implicit declaration of built-in function 'memset' [-Wbuiltin-declaration-mismatch]
  347 |             memset(message, 0, sizeof(message));
      |             ^~~~~~
../Core/Src/mainloop.c:347:13: note: include '<string.h>' or provide a declaration of 'memset'
arm-none-eabi-gcc -o "main_code.elf" @"objects.list"   -mcpu=cortex-m4 -T"C:\Cloud\Endoscope-Support\stm32_code\main_code\STM32L476RGTX_FLASH.ld" --specs=nosys.specs -Wl,-Map="main_code.map" -Wl,--gc-sections -static -u _printf_float --specs=nano.specs -mfpu=fpv4-sp-d16 -mfloat-abi=hard -mthumb -Wl,--start-group -lc -lm -Wl,--end-group
Finished building target: main_code.elf
 
arm-none-eabi-size  main_code.elf 
arm-none-eabi-objdump -h -S main_code.elf  > "main_code.list"
   text	   data	    bss	    dec	    hex	filename
  45744	   2104	   2576	  50424	   c4f8	main_code.elf
Finished building: default.size.stdout
 
Finished building: main_code.list
 
