19:29:05 **** Incremental Build of configuration Debug for project main_code ****
make -j8 all 
arm-none-eabi-size  main_code.elf 
   text	   data	    bss	    dec	    hex	filename
  36420	    468	   2348	  39236	   9944	main_code.elf
Finished building: default.size.stdout
 
19:29:49 **** Incremental Build of configuration Debug for project main_code ****
make -j8 all 
arm-none-eabi-gcc "../Core/Src/main.c" -mcpu=cortex-m4 -std=gnu11 -g3 -DDEBUG -DUSE_HAL_DRIVER -DSTM32L476xx -c -I../Core/Inc -I../Drivers/STM32L4xx_HAL_Driver/Inc -I../Drivers/STM32L4xx_HAL_Driver/Inc/Legacy -I../Drivers/CMSIS/Device/ST/STM32L4xx/Include -I../Drivers/CMSIS/Include -O0 -ffunction-sections -fdata-sections -Wall -fstack-usage -fcyclomatic-complexity -MMD -MP -MF"Core/Src/main.d" -MT"Core/Src/main.o" --specs=nano.specs -mfpu=fpv4-sp-d16 -mfloat-abi=hard -mthumb -o "Core/Src/main.o"
../Core/Src/main.c: In function 'main':
../Core/Src/main.c:214:32: warning: passing argument 2 of 'HAL_UART_Receive_IT' from incompatible pointer type [-Wincompatible-pointer-types]
  214 |   HAL_UART_Receive_IT(&huart2, &receivedWord, 3);
      |                                ^~~~~~~~~~~~~
      |                                |
      |                                char (*)[4]
In file included from ../Core/Inc/stm32l4xx_hal_conf.h:450,
                 from ../Drivers/STM32L4xx_HAL_Driver/Inc/stm32l4xx_hal.h:29,
                 from ../Core/Inc/main.h:30,
                 from ../Core/Src/main.c:20:
../Drivers/STM32L4xx_HAL_Driver/Inc/stm32l4xx_hal_uart.h:1699:75: note: expected 'uint8_t *' {aka 'unsigned char *'} but argument is of type 'char (*)[4]'
 1699 | HAL_StatusTypeDef HAL_UART_Receive_IT(UART_HandleTypeDef *huart, uint8_t *pData, uint16_t Size);
      |                                                                  ~~~~~~~~~^~~~~
arm-none-eabi-gcc -o "main_code.elf" @"objects.list"   -mcpu=cortex-m4 -T"C:\Cloud\Endoscope-Support\stm32_code\main_code\STM32L476RGTX_FLASH.ld" --specs=nosys.specs -Wl,-Map="main_code.map" -Wl,--gc-sections -static -u _printf_float --specs=nano.specs -mfpu=fpv4-sp-d16 -mfloat-abi=hard -mthumb -Wl,--start-group -lc -lm -Wl,--end-group
Finished building target: main_code.elf
 
arm-none-eabi-size  main_code.elf 
arm-none-eabi-objdump -h -S main_code.elf  > "main_code.list"
   text	   data	    bss	    dec	    hex	filename
  36732	    468	   2348	  39548	   9a7c	main_code.elf
Finished building: default.size.stdout
 
Finished building: main_code.list
 
19:30:23 **** Incremental Build of configuration Debug for project main_code ****
make -j8 all 
arm-none-eabi-gcc "../Core/Src/stm32l4xx_it.c" -mcpu=cortex-m4 -std=gnu11 -g3 -DDEBUG -DUSE_HAL_DRIVER -DSTM32L476xx -c -I../Core/Inc -I../Drivers/STM32L4xx_HAL_Driver/Inc -I../Drivers/STM32L4xx_HAL_Driver/Inc/Legacy -I../Drivers/CMSIS/Device/ST/STM32L4xx/Include -I../Drivers/CMSIS/Include -O0 -ffunction-sections -fdata-sections -Wall -fstack-usage -fcyclomatic-complexity -MMD -MP -MF"Core/Src/stm32l4xx_it.d" -MT"Core/Src/stm32l4xx_it.o" --specs=nano.specs -mfpu=fpv4-sp-d16 -mfloat-abi=hard -mthumb -o "Core/Src/stm32l4xx_it.o"
../Core/Src/stm32l4xx_it.c: In function 'USART2_IRQHandler':
../Core/Src/stm32l4xx_it.c:213:3: warning: implicit declaration of function 'printf' [-Wimplicit-function-declaration]
  213 |   printf("%s\n\r", receivedWord);
      |   ^~~~~~
../Core/Src/stm32l4xx_it.c:26:1: note: include '<stdio.h>' or provide a declaration of 'printf'
   25 | #include <string.h>
  +++ |+#include <stdio.h>
   26 | /* USER CODE END Includes */
../Core/Src/stm32l4xx_it.c:213:3: warning: incompatible implicit declaration of built-in function 'printf' [-Wbuiltin-declaration-mismatch]
  213 |   printf("%s\n\r", receivedWord);
      |   ^~~~~~
../Core/Src/stm32l4xx_it.c:213:3: note: include '<stdio.h>' or provide a declaration of 'printf'
../Core/Src/stm32l4xx_it.c:220:32: warning: pointer targets in passing argument 2 of 'HAL_UART_Receive_IT' differ in signedness [-Wpointer-sign]
  220 |   HAL_UART_Receive_IT(&huart2, receivedWord, 4);
      |                                ^~~~~~~~~~~~
      |                                |
      |                                char *
In file included from ../Core/Inc/stm32l4xx_hal_conf.h:450,
                 from ../Drivers/STM32L4xx_HAL_Driver/Inc/stm32l4xx_hal.h:29,
                 from ../Core/Inc/main.h:30,
                 from ../Core/Src/stm32l4xx_it.c:21:
../Drivers/STM32L4xx_HAL_Driver/Inc/stm32l4xx_hal_uart.h:1699:75: note: expected 'uint8_t *' {aka 'unsigned char *'} but argument is of type 'char *'
 1699 | HAL_StatusTypeDef HAL_UART_Receive_IT(UART_HandleTypeDef *huart, uint8_t *pData, uint16_t Size);
      |                                                                  ~~~~~~~~~^~~~~
arm-none-eabi-gcc -o "main_code.elf" @"objects.list"   -mcpu=cortex-m4 -T"C:\Cloud\Endoscope-Support\stm32_code\main_code\STM32L476RGTX_FLASH.ld" --specs=nosys.specs -Wl,-Map="main_code.map" -Wl,--gc-sections -static -u _printf_float --specs=nano.specs -mfpu=fpv4-sp-d16 -mfloat-abi=hard -mthumb -Wl,--start-group -lc -lm -Wl,--end-group
Finished building target: main_code.elf
 
arm-none-eabi-size  main_code.elf 
arm-none-eabi-objdump -h -S main_code.elf  > "main_code.list"
   text	   data	    bss	    dec	    hex	filename
  36732	    468	   2348	  39548	   9a7c	main_code.elf
Finished building: default.size.stdout
 
Finished building: main_code.list
 
19:33:42 **** Incremental Build of configuration Debug for project main_code ****
make -j8 all 
arm-none-eabi-gcc "../Core/Src/stm32l4xx_it.c" -mcpu=cortex-m4 -std=gnu11 -g3 -DDEBUG -DUSE_HAL_DRIVER -DSTM32L476xx -c -I../Core/Inc -I../Drivers/STM32L4xx_HAL_Driver/Inc -I../Drivers/STM32L4xx_HAL_Driver/Inc/Legacy -I../Drivers/CMSIS/Device/ST/STM32L4xx/Include -I../Drivers/CMSIS/Include -O0 -ffunction-sections -fdata-sections -Wall -fstack-usage -fcyclomatic-complexity -MMD -MP -MF"Core/Src/stm32l4xx_it.d" -MT"Core/Src/stm32l4xx_it.o" --specs=nano.specs -mfpu=fpv4-sp-d16 -mfloat-abi=hard -mthumb -o "Core/Src/stm32l4xx_it.o"
../Core/Src/stm32l4xx_it.c: In function 'USART2_IRQHandler':
../Core/Src/stm32l4xx_it.c:219:32: warning: pointer targets in passing argument 2 of 'HAL_UART_Receive_IT' differ in signedness [-Wpointer-sign]
  219 |   HAL_UART_Receive_IT(&huart2, receivedWord, 4);
      |                                ^~~~~~~~~~~~
      |                                |
      |                                char *
In file included from ../Core/Inc/stm32l4xx_hal_conf.h:450,
                 from ../Drivers/STM32L4xx_HAL_Driver/Inc/stm32l4xx_hal.h:29,
                 from ../Core/Inc/main.h:30,
                 from ../Core/Src/stm32l4xx_it.c:21:
../Drivers/STM32L4xx_HAL_Driver/Inc/stm32l4xx_hal_uart.h:1699:75: note: expected 'uint8_t *' {aka 'unsigned char *'} but argument is of type 'char *'
 1699 | HAL_StatusTypeDef HAL_UART_Receive_IT(UART_HandleTypeDef *huart, uint8_t *pData, uint16_t Size);
      |                                                                  ~~~~~~~~~^~~~~
arm-none-eabi-gcc -o "main_code.elf" @"objects.list"   -mcpu=cortex-m4 -T"C:\Cloud\Endoscope-Support\stm32_code\main_code\STM32L476RGTX_FLASH.ld" --specs=nosys.specs -Wl,-Map="main_code.map" -Wl,--gc-sections -static -u _printf_float --specs=nano.specs -mfpu=fpv4-sp-d16 -mfloat-abi=hard -mthumb -Wl,--start-group -lc -lm -Wl,--end-group
Finished building target: main_code.elf
 
arm-none-eabi-size  main_code.elf 
arm-none-eabi-objdump -h -S main_code.elf  > "main_code.list"
   text	   data	    bss	    dec	    hex	filename
  36652	    468	   2348	  39468	   9a2c	main_code.elf
Finished building: default.size.stdout
 
Finished building: main_code.list
 
19:35:14 **** Incremental Build of configuration Debug for project main_code ****
make -j8 all 
arm-none-eabi-gcc "../Core/Src/main.c" -mcpu=cortex-m4 -std=gnu11 -g3 -DDEBUG -DUSE_HAL_DRIVER -DSTM32L476xx -c -I../Core/Inc -I../Drivers/STM32L4xx_HAL_Driver/Inc -I../Drivers/STM32L4xx_HAL_Driver/Inc/Legacy -I../Drivers/CMSIS/Device/ST/STM32L4xx/Include -I../Drivers/CMSIS/Include -O0 -ffunction-sections -fdata-sections -Wall -fstack-usage -fcyclomatic-complexity -MMD -MP -MF"Core/Src/main.d" -MT"Core/Src/main.o" --specs=nano.specs -mfpu=fpv4-sp-d16 -mfloat-abi=hard -mthumb -o "Core/Src/main.o"
arm-none-eabi-gcc "../Core/Src/stm32l4xx_it.c" -mcpu=cortex-m4 -std=gnu11 -g3 -DDEBUG -DUSE_HAL_DRIVER -DSTM32L476xx -c -I../Core/Inc -I../Drivers/STM32L4xx_HAL_Driver/Inc -I../Drivers/STM32L4xx_HAL_Driver/Inc/Legacy -I../Drivers/CMSIS/Device/ST/STM32L4xx/Include -I../Drivers/CMSIS/Include -O0 -ffunction-sections -fdata-sections -Wall -fstack-usage -fcyclomatic-complexity -MMD -MP -MF"Core/Src/stm32l4xx_it.d" -MT"Core/Src/stm32l4xx_it.o" --specs=nano.specs -mfpu=fpv4-sp-d16 -mfloat-abi=hard -mthumb -o "Core/Src/stm32l4xx_it.o"
../Core/Src/stm32l4xx_it.c: In function 'USART2_IRQHandler':
../Core/Src/main.c: In function 'main':
../Core/Src/stm32l4xx_it.c:219:32: warning: pointer targets in passing argument 2 of 'HAL_UART_Receive_IT' differ in signedness [-Wpointer-sign]
  219 |   HAL_UART_Receive_IT(&huart2, receivedWord, 3);
      |                                ^~~~~~~~~~~~
      |                                |
      |                                char *
../Core/Src/main.c:214:32: warning: passing argument 2 of 'HAL_UART_Receive_IT' from incompatible pointer type [-Wincompatible-pointer-types]
  214 |   HAL_UART_Receive_IT(&huart2, &receivedWord, 3);
      |                                ^~~~~~~~~~~~~
      |                                |
      |                                char (*)[3]
In file included from ../Core/Inc/stm32l4xx_hal_conf.h:450,
                 from ../Drivers/STM32L4xx_HAL_Driver/Inc/stm32l4xx_hal.h:29,
                 from ../Core/Inc/main.h:30,
                 from ../Core/Src/stm32l4xx_it.c:21:
../Drivers/STM32L4xx_HAL_Driver/Inc/stm32l4xx_hal_uart.h:1699:75: note: expected 'uint8_t *' {aka 'unsigned char *'} but argument is of type 'char *'
 1699 | HAL_StatusTypeDef HAL_UART_Receive_IT(UART_HandleTypeDef *huart, uint8_t *pData, uint16_t Size);
      |                                                                  ~~~~~~~~~^~~~~
In file included from ../Core/Inc/stm32l4xx_hal_conf.h:450,
                 from ../Drivers/STM32L4xx_HAL_Driver/Inc/stm32l4xx_hal.h:29,
                 from ../Core/Inc/main.h:30,
                 from ../Core/Src/main.c:20:
../Drivers/STM32L4xx_HAL_Driver/Inc/stm32l4xx_hal_uart.h:1699:75: note: expected 'uint8_t *' {aka 'unsigned char *'} but argument is of type 'char (*)[3]'
 1699 | HAL_StatusTypeDef HAL_UART_Receive_IT(UART_HandleTypeDef *huart, uint8_t *pData, uint16_t Size);
      |                                                                  ~~~~~~~~~^~~~~
arm-none-eabi-gcc -o "main_code.elf" @"objects.list"   -mcpu=cortex-m4 -T"C:\Cloud\Endoscope-Support\stm32_code\main_code\STM32L476RGTX_FLASH.ld" --specs=nosys.specs -Wl,-Map="main_code.map" -Wl,--gc-sections -static -u _printf_float --specs=nano.specs -mfpu=fpv4-sp-d16 -mfloat-abi=hard -mthumb -Wl,--start-group -lc -lm -Wl,--end-group
Finished building target: main_code.elf
 
arm-none-eabi-size  main_code.elf 
arm-none-eabi-objdump -h -S main_code.elf  > "main_code.list"
   text	   data	    bss	    dec	    hex	filename
  36652	    468	   2348	  39468	   9a2c	main_code.elf
Finished building: default.size.stdout
 
Finished building: main_code.list
 
19:36:27 **** Incremental Build of configuration Debug for project main_code ****
make -j8 all 
arm-none-eabi-gcc "../Core/Src/stm32l4xx_it.c" -mcpu=cortex-m4 -std=gnu11 -g3 -DDEBUG -DUSE_HAL_DRIVER -DSTM32L476xx -c -I../Core/Inc -I../Drivers/STM32L4xx_HAL_Driver/Inc -I../Drivers/STM32L4xx_HAL_Driver/Inc/Legacy -I../Drivers/CMSIS/Device/ST/STM32L4xx/Include -I../Drivers/CMSIS/Include -O0 -ffunction-sections -fdata-sections -Wall -fstack-usage -fcyclomatic-complexity -MMD -MP -MF"Core/Src/stm32l4xx_it.d" -MT"Core/Src/stm32l4xx_it.o" --specs=nano.specs -mfpu=fpv4-sp-d16 -mfloat-abi=hard -mthumb -o "Core/Src/stm32l4xx_it.o"
../Core/Src/stm32l4xx_it.c: In function 'USART2_IRQHandler':
../Core/Src/stm32l4xx_it.c:219:32: warning: pointer targets in passing argument 2 of 'HAL_UART_Receive_IT' differ in signedness [-Wpointer-sign]
  219 |   HAL_UART_Receive_IT(&huart2, receivedWord, 3);
      |                                ^~~~~~~~~~~~
      |                                |
      |                                char *
In file included from ../Core/Inc/stm32l4xx_hal_conf.h:450,
                 from ../Drivers/STM32L4xx_HAL_Driver/Inc/stm32l4xx_hal.h:29,
                 from ../Core/Inc/main.h:30,
                 from ../Core/Src/stm32l4xx_it.c:21:
../Drivers/STM32L4xx_HAL_Driver/Inc/stm32l4xx_hal_uart.h:1699:75: note: expected 'uint8_t *' {aka 'unsigned char *'} but argument is of type 'char *'
 1699 | HAL_StatusTypeDef HAL_UART_Receive_IT(UART_HandleTypeDef *huart, uint8_t *pData, uint16_t Size);
      |                                                                  ~~~~~~~~~^~~~~
arm-none-eabi-gcc -o "main_code.elf" @"objects.list"   -mcpu=cortex-m4 -T"C:\Cloud\Endoscope-Support\stm32_code\main_code\STM32L476RGTX_FLASH.ld" --specs=nosys.specs -Wl,-Map="main_code.map" -Wl,--gc-sections -static -u _printf_float --specs=nano.specs -mfpu=fpv4-sp-d16 -mfloat-abi=hard -mthumb -Wl,--start-group -lc -lm -Wl,--end-group
Finished building target: main_code.elf
 
arm-none-eabi-size  main_code.elf 
arm-none-eabi-objdump -h -S main_code.elf  > "main_code.list"
   text	   data	    bss	    dec	    hex	filename
  36660	    468	   2348	  39476	   9a34	main_code.elf
Finished building: default.size.stdout
 
Finished building: main_code.list
 
19:40:31 **** Incremental Build of configuration Debug for project main_code ****
make -j8 all 
arm-none-eabi-gcc "../Core/Src/stm32l4xx_it.c" -mcpu=cortex-m4 -std=gnu11 -g3 -DDEBUG -DUSE_HAL_DRIVER -DSTM32L476xx -c -I../Core/Inc -I../Drivers/STM32L4xx_HAL_Driver/Inc -I../Drivers/STM32L4xx_HAL_Driver/Inc/Legacy -I../Drivers/CMSIS/Device/ST/STM32L4xx/Include -I../Drivers/CMSIS/Include -O0 -ffunction-sections -fdata-sections -Wall -fstack-usage -fcyclomatic-complexity -MMD -MP -MF"Core/Src/stm32l4xx_it.d" -MT"Core/Src/stm32l4xx_it.o" --specs=nano.specs -mfpu=fpv4-sp-d16 -mfloat-abi=hard -mthumb -o "Core/Src/stm32l4xx_it.o"
../Core/Src/stm32l4xx_it.c: In function 'USART2_IRQHandler':
../Core/Src/stm32l4xx_it.c:219:32: warning: pointer targets in passing argument 2 of 'HAL_UART_Receive_IT' differ in signedness [-Wpointer-sign]
  219 |   HAL_UART_Receive_IT(&huart2, receivedWord, 3);
      |                                ^~~~~~~~~~~~
      |                                |
      |                                char *
In file included from ../Core/Inc/stm32l4xx_hal_conf.h:450,
                 from ../Drivers/STM32L4xx_HAL_Driver/Inc/stm32l4xx_hal.h:29,
                 from ../Core/Inc/main.h:30,
                 from ../Core/Src/stm32l4xx_it.c:21:
../Drivers/STM32L4xx_HAL_Driver/Inc/stm32l4xx_hal_uart.h:1699:75: note: expected 'uint8_t *' {aka 'unsigned char *'} but argument is of type 'char *'
 1699 | HAL_StatusTypeDef HAL_UART_Receive_IT(UART_HandleTypeDef *huart, uint8_t *pData, uint16_t Size);
      |                                                                  ~~~~~~~~~^~~~~
arm-none-eabi-gcc -o "main_code.elf" @"objects.list"   -mcpu=cortex-m4 -T"C:\Cloud\Endoscope-Support\stm32_code\main_code\STM32L476RGTX_FLASH.ld" --specs=nosys.specs -Wl,-Map="main_code.map" -Wl,--gc-sections -static -u _printf_float --specs=nano.specs -mfpu=fpv4-sp-d16 -mfloat-abi=hard -mthumb -Wl,--start-group -lc -lm -Wl,--end-group
Finished building target: main_code.elf
 
arm-none-eabi-size  main_code.elf 
arm-none-eabi-objdump -h -S main_code.elf  > "main_code.list"
   text	   data	    bss	    dec	    hex	filename
  36660	    468	   2348	  39476	   9a34	main_code.elf
Finished building: default.size.stdout
 
Finished building: main_code.list
 
19:41:12 **** Incremental Build of configuration Debug for project main_code ****
make -j8 all 
arm-none-eabi-gcc "../Core/Src/stm32l4xx_it.c" -mcpu=cortex-m4 -std=gnu11 -g3 -DDEBUG -DUSE_HAL_DRIVER -DSTM32L476xx -c -I../Core/Inc -I../Drivers/STM32L4xx_HAL_Driver/Inc -I../Drivers/STM32L4xx_HAL_Driver/Inc/Legacy -I../Drivers/CMSIS/Device/ST/STM32L4xx/Include -I../Drivers/CMSIS/Include -O0 -ffunction-sections -fdata-sections -Wall -fstack-usage -fcyclomatic-complexity -MMD -MP -MF"Core/Src/stm32l4xx_it.d" -MT"Core/Src/stm32l4xx_it.o" --specs=nano.specs -mfpu=fpv4-sp-d16 -mfloat-abi=hard -mthumb -o "Core/Src/stm32l4xx_it.o"
../Core/Src/stm32l4xx_it.c: In function 'USART2_IRQHandler':
../Core/Src/stm32l4xx_it.c:219:32: warning: pointer targets in passing argument 2 of 'HAL_UART_Receive_IT' differ in signedness [-Wpointer-sign]
  219 |   HAL_UART_Receive_IT(&huart2, receivedWord, 3);
      |                                ^~~~~~~~~~~~
      |                                |
      |                                char *
In file included from ../Core/Inc/stm32l4xx_hal_conf.h:450,
                 from ../Drivers/STM32L4xx_HAL_Driver/Inc/stm32l4xx_hal.h:29,
                 from ../Core/Inc/main.h:30,
                 from ../Core/Src/stm32l4xx_it.c:21:
../Drivers/STM32L4xx_HAL_Driver/Inc/stm32l4xx_hal_uart.h:1699:75: note: expected 'uint8_t *' {aka 'unsigned char *'} but argument is of type 'char *'
 1699 | HAL_StatusTypeDef HAL_UART_Receive_IT(UART_HandleTypeDef *huart, uint8_t *pData, uint16_t Size);
      |                                                                  ~~~~~~~~~^~~~~
arm-none-eabi-gcc -o "main_code.elf" @"objects.list"   -mcpu=cortex-m4 -T"C:\Cloud\Endoscope-Support\stm32_code\main_code\STM32L476RGTX_FLASH.ld" --specs=nosys.specs -Wl,-Map="main_code.map" -Wl,--gc-sections -static -u _printf_float --specs=nano.specs -mfpu=fpv4-sp-d16 -mfloat-abi=hard -mthumb -Wl,--start-group -lc -lm -Wl,--end-group
Finished building target: main_code.elf
 
arm-none-eabi-size  main_code.elf 
arm-none-eabi-objdump -h -S main_code.elf  > "main_code.list"
   text	   data	    bss	    dec	    hex	filename
  36660	    468	   2348	  39476	   9a34	main_code.elf
Finished building: default.size.stdout
 
Finished building: main_code.list
 
19:43:20 **** Incremental Build of configuration Debug for project main_code ****
make -j8 all 
arm-none-eabi-gcc "../Core/Src/main.c" -mcpu=cortex-m4 -std=gnu11 -g3 -DDEBUG -DUSE_HAL_DRIVER -DSTM32L476xx -c -I../Core/Inc -I../Drivers/STM32L4xx_HAL_Driver/Inc -I../Drivers/STM32L4xx_HAL_Driver/Inc/Legacy -I../Drivers/CMSIS/Device/ST/STM32L4xx/Include -I../Drivers/CMSIS/Include -O0 -ffunction-sections -fdata-sections -Wall -fstack-usage -fcyclomatic-complexity -MMD -MP -MF"Core/Src/main.d" -MT"Core/Src/main.o" --specs=nano.specs -mfpu=fpv4-sp-d16 -mfloat-abi=hard -mthumb -o "Core/Src/main.o"
arm-none-eabi-gcc "../Core/Src/stm32l4xx_it.c" -mcpu=cortex-m4 -std=gnu11 -g3 -DDEBUG -DUSE_HAL_DRIVER -DSTM32L476xx -c -I../Core/Inc -I../Drivers/STM32L4xx_HAL_Driver/Inc -I../Drivers/STM32L4xx_HAL_Driver/Inc/Legacy -I../Drivers/CMSIS/Device/ST/STM32L4xx/Include -I../Drivers/CMSIS/Include -O0 -ffunction-sections -fdata-sections -Wall -fstack-usage -fcyclomatic-complexity -MMD -MP -MF"Core/Src/stm32l4xx_it.d" -MT"Core/Src/stm32l4xx_it.o" --specs=nano.specs -mfpu=fpv4-sp-d16 -mfloat-abi=hard -mthumb -o "Core/Src/stm32l4xx_it.o"
../Core/Src/stm32l4xx_it.c: In function 'USART2_IRQHandler':
../Core/Src/stm32l4xx_it.c:216:32: warning: pointer targets in passing argument 2 of 'HAL_UART_Receive_IT' differ in signedness [-Wpointer-sign]
  216 |   HAL_UART_Receive_IT(&huart2, receivedWord, 3);
      |                                ^~~~~~~~~~~~
      |                                |
      |                                char *
In file included from ../Core/Inc/stm32l4xx_hal_conf.h:450,
                 from ../Drivers/STM32L4xx_HAL_Driver/Inc/stm32l4xx_hal.h:29,
                 from ../Core/Inc/main.h:30,
                 from ../Core/Src/stm32l4xx_it.c:21:
../Drivers/STM32L4xx_HAL_Driver/Inc/stm32l4xx_hal_uart.h:1699:75: note: expected 'uint8_t *' {aka 'unsigned char *'} but argument is of type 'char *'
 1699 | HAL_StatusTypeDef HAL_UART_Receive_IT(UART_HandleTypeDef *huart, uint8_t *pData, uint16_t Size);
      |                                                                  ~~~~~~~~~^~~~~
../Core/Src/main.c: In function 'main':
../Core/Src/main.c:214:32: warning: passing argument 2 of 'HAL_UART_Receive_IT' from incompatible pointer type [-Wincompatible-pointer-types]
  214 |   HAL_UART_Receive_IT(&huart2, &receivedWord, 3);
      |                                ^~~~~~~~~~~~~
      |                                |
      |                                char (*)[4]
In file included from ../Core/Inc/stm32l4xx_hal_conf.h:450,
                 from ../Drivers/STM32L4xx_HAL_Driver/Inc/stm32l4xx_hal.h:29,
                 from ../Core/Inc/main.h:30,
                 from ../Core/Src/main.c:20:
../Drivers/STM32L4xx_HAL_Driver/Inc/stm32l4xx_hal_uart.h:1699:75: note: expected 'uint8_t *' {aka 'unsigned char *'} but argument is of type 'char (*)[4]'
 1699 | HAL_StatusTypeDef HAL_UART_Receive_IT(UART_HandleTypeDef *huart, uint8_t *pData, uint16_t Size);
      |                                                                  ~~~~~~~~~^~~~~
arm-none-eabi-gcc -o "main_code.elf" @"objects.list"   -mcpu=cortex-m4 -T"C:\Cloud\Endoscope-Support\stm32_code\main_code\STM32L476RGTX_FLASH.ld" --specs=nosys.specs -Wl,-Map="main_code.map" -Wl,--gc-sections -static -u _printf_float --specs=nano.specs -mfpu=fpv4-sp-d16 -mfloat-abi=hard -mthumb -Wl,--start-group -lc -lm -Wl,--end-group
Finished building target: main_code.elf
 
arm-none-eabi-size  main_code.elf 
arm-none-eabi-objdump -h -S main_code.elf  > "main_code.list"
   text	   data	    bss	    dec	    hex	filename
  36636	    468	   2348	  39452	   9a1c	main_code.elf
Finished building: default.size.stdout
 
Finished building: main_code.list
 
19:44:25 **** Incremental Build of configuration Debug for project main_code ****
make -j8 all 
arm-none-eabi-gcc "../Core/Src/stm32l4xx_it.c" -mcpu=cortex-m4 -std=gnu11 -g3 -DDEBUG -DUSE_HAL_DRIVER -DSTM32L476xx -c -I../Core/Inc -I../Drivers/STM32L4xx_HAL_Driver/Inc -I../Drivers/STM32L4xx_HAL_Driver/Inc/Legacy -I../Drivers/CMSIS/Device/ST/STM32L4xx/Include -I../Drivers/CMSIS/Include -O0 -ffunction-sections -fdata-sections -Wall -fstack-usage -fcyclomatic-complexity -MMD -MP -MF"Core/Src/stm32l4xx_it.d" -MT"Core/Src/stm32l4xx_it.o" --specs=nano.specs -mfpu=fpv4-sp-d16 -mfloat-abi=hard -mthumb -o "Core/Src/stm32l4xx_it.o"
../Core/Src/stm32l4xx_it.c: In function 'USART2_IRQHandler':
../Core/Src/stm32l4xx_it.c:216:32: warning: pointer targets in passing argument 2 of 'HAL_UART_Receive_IT' differ in signedness [-Wpointer-sign]
  216 |   HAL_UART_Receive_IT(&huart2, receivedWord, 3);
      |                                ^~~~~~~~~~~~
      |                                |
      |                                char *
In file included from ../Core/Inc/stm32l4xx_hal_conf.h:450,
                 from ../Drivers/STM32L4xx_HAL_Driver/Inc/stm32l4xx_hal.h:29,
                 from ../Core/Inc/main.h:30,
                 from ../Core/Src/stm32l4xx_it.c:21:
../Drivers/STM32L4xx_HAL_Driver/Inc/stm32l4xx_hal_uart.h:1699:75: note: expected 'uint8_t *' {aka 'unsigned char *'} but argument is of type 'char *'
 1699 | HAL_StatusTypeDef HAL_UART_Receive_IT(UART_HandleTypeDef *huart, uint8_t *pData, uint16_t Size);
      |                                                                  ~~~~~~~~~^~~~~
arm-none-eabi-gcc -o "main_code.elf" @"objects.list"   -mcpu=cortex-m4 -T"C:\Cloud\Endoscope-Support\stm32_code\main_code\STM32L476RGTX_FLASH.ld" --specs=nosys.specs -Wl,-Map="main_code.map" -Wl,--gc-sections -static -u _printf_float --specs=nano.specs -mfpu=fpv4-sp-d16 -mfloat-abi=hard -mthumb -Wl,--start-group -lc -lm -Wl,--end-group
Finished building target: main_code.elf
 
arm-none-eabi-size  main_code.elf 
arm-none-eabi-objdump -h -S main_code.elf  > "main_code.list"
   text	   data	    bss	    dec	    hex	filename
  36684	    468	   2348	  39500	   9a4c	main_code.elf
Finished building: default.size.stdout
 
Finished building: main_code.list
 
19:46:07 **** Incremental Build of configuration Debug for project main_code ****
make -j8 all 
arm-none-eabi-gcc "../Core/Src/main.c" -mcpu=cortex-m4 -std=gnu11 -g3 -DDEBUG -DUSE_HAL_DRIVER -DSTM32L476xx -c -I../Core/Inc -I../Drivers/STM32L4xx_HAL_Driver/Inc -I../Drivers/STM32L4xx_HAL_Driver/Inc/Legacy -I../Drivers/CMSIS/Device/ST/STM32L4xx/Include -I../Drivers/CMSIS/Include -O0 -ffunction-sections -fdata-sections -Wall -fstack-usage -fcyclomatic-complexity -MMD -MP -MF"Core/Src/main.d" -MT"Core/Src/main.o" --specs=nano.specs -mfpu=fpv4-sp-d16 -mfloat-abi=hard -mthumb -o "Core/Src/main.o"
arm-none-eabi-gcc "../Core/Src/stm32l4xx_it.c" -mcpu=cortex-m4 -std=gnu11 -g3 -DDEBUG -DUSE_HAL_DRIVER -DSTM32L476xx -c -I../Core/Inc -I../Drivers/STM32L4xx_HAL_Driver/Inc -I../Drivers/STM32L4xx_HAL_Driver/Inc/Legacy -I../Drivers/CMSIS/Device/ST/STM32L4xx/Include -I../Drivers/CMSIS/Include -O0 -ffunction-sections -fdata-sections -Wall -fstack-usage -fcyclomatic-complexity -MMD -MP -MF"Core/Src/stm32l4xx_it.d" -MT"Core/Src/stm32l4xx_it.o" --specs=nano.specs -mfpu=fpv4-sp-d16 -mfloat-abi=hard -mthumb -o "Core/Src/stm32l4xx_it.o"
../Core/Src/stm32l4xx_it.c: In function 'USART2_IRQHandler':
../Core/Src/stm32l4xx_it.c:220:32: warning: pointer targets in passing argument 2 of 'HAL_UART_Receive_IT' differ in signedness [-Wpointer-sign]
  220 |   HAL_UART_Receive_IT(&huart2, receivedWord, 4);
      |                                ^~~~~~~~~~~~
      |                                |
      |                                char *
In file included from ../Core/Inc/stm32l4xx_hal_conf.h:450,
                 from ../Drivers/STM32L4xx_HAL_Driver/Inc/stm32l4xx_hal.h:29,
                 from ../Core/Inc/main.h:30,
                 from ../Core/Src/stm32l4xx_it.c:21:
../Drivers/STM32L4xx_HAL_Driver/Inc/stm32l4xx_hal_uart.h:1699:75: note: expected 'uint8_t *' {aka 'unsigned char *'} but argument is of type 'char *'
 1699 | HAL_StatusTypeDef HAL_UART_Receive_IT(UART_HandleTypeDef *huart, uint8_t *pData, uint16_t Size);
      |                                                                  ~~~~~~~~~^~~~~
../Core/Src/main.c: In function 'main':
../Core/Src/main.c:214:32: warning: passing argument 2 of 'HAL_UART_Receive_IT' from incompatible pointer type [-Wincompatible-pointer-types]
  214 |   HAL_UART_Receive_IT(&huart2, &receivedWord, 4);
      |                                ^~~~~~~~~~~~~
      |                                |
      |                                char (*)[4]
In file included from ../Core/Inc/stm32l4xx_hal_conf.h:450,
                 from ../Drivers/STM32L4xx_HAL_Driver/Inc/stm32l4xx_hal.h:29,
                 from ../Core/Inc/main.h:30,
                 from ../Core/Src/main.c:20:
../Drivers/STM32L4xx_HAL_Driver/Inc/stm32l4xx_hal_uart.h:1699:75: note: expected 'uint8_t *' {aka 'unsigned char *'} but argument is of type 'char (*)[4]'
 1699 | HAL_StatusTypeDef HAL_UART_Receive_IT(UART_HandleTypeDef *huart, uint8_t *pData, uint16_t Size);
      |                                                                  ~~~~~~~~~^~~~~
arm-none-eabi-gcc -o "main_code.elf" @"objects.list"   -mcpu=cortex-m4 -T"C:\Cloud\Endoscope-Support\stm32_code\main_code\STM32L476RGTX_FLASH.ld" --specs=nosys.specs -Wl,-Map="main_code.map" -Wl,--gc-sections -static -u _printf_float --specs=nano.specs -mfpu=fpv4-sp-d16 -mfloat-abi=hard -mthumb -Wl,--start-group -lc -lm -Wl,--end-group
Finished building target: main_code.elf
 
arm-none-eabi-size  main_code.elf 
arm-none-eabi-objdump -h -S main_code.elf  > "main_code.list"
   text	   data	    bss	    dec	    hex	filename
  36716	    468	   2348	  39532	   9a6c	main_code.elf
Finished building: default.size.stdout
 
Finished building: main_code.list
 
