14:21:06 **** Incremental Build of configuration Debug for project main_code ****
make -j8 all 
arm-none-eabi-gcc "../Core/Src/drivers.c" -mcpu=cortex-m4 -std=gnu11 -g3 -DDEBUG -DUSE_HAL_DRIVER -DSTM32L476xx -c -I../Core/Inc -I../Drivers/STM32L4xx_HAL_Driver/Inc -I../Drivers/STM32L4xx_HAL_Driver/Inc/Legacy -I../Drivers/CMSIS/Device/ST/STM32L4xx/Include -I../Drivers/CMSIS/Include -O0 -ffunction-sections -fdata-sections -Wall -fstack-usage -fcyclomatic-complexity -MMD -MP -MF"Core/Src/drivers.d" -MT"Core/Src/drivers.o" --specs=nano.specs -mfpu=fpv4-sp-d16 -mfloat-abi=hard -mthumb -o "Core/Src/drivers.o"
../Core/Src/drivers.c: In function 'move':
../Core/Src/drivers.c:84:9: warning: implicit declaration of function 'snprintf' [-Wimplicit-function-declaration]
   84 |         snprintf(message, sizeof(message), "position %d %d", current_x, current_theta);
      |         ^~~~~~~~
../Core/Src/drivers.c:6:1: note: include '<stdio.h>' or provide a declaration of 'snprintf'
    5 | #include "communication.h"
  +++ |+#include <stdio.h>
    6 | 
../Core/Src/drivers.c:84:9: warning: incompatible implicit declaration of built-in function 'snprintf' [-Wbuiltin-declaration-mismatch]
   84 |         snprintf(message, sizeof(message), "position %d %d", current_x, current_theta);
      |         ^~~~~~~~
../Core/Src/drivers.c:84:9: note: include '<stdio.h>' or provide a declaration of 'snprintf'
../Core/Src/drivers.c:86:9: warning: implicit declaration of function 'memset' [-Wimplicit-function-declaration]
   86 |         memset(message, 0, BUFF_SIZE);
      |         ^~~~~~
../Core/Src/drivers.c:6:1: note: include '<string.h>' or provide a declaration of 'memset'
    5 | #include "communication.h"
  +++ |+#include <string.h>
    6 | 
../Core/Src/drivers.c:86:9: warning: incompatible implicit declaration of built-in function 'memset' [-Wbuiltin-declaration-mismatch]
   86 |         memset(message, 0, BUFF_SIZE);
      |         ^~~~~~
../Core/Src/drivers.c:86:9: note: include '<string.h>' or provide a declaration of 'memset'
../Core/Src/drivers.c: In function 'move_to':
../Core/Src/drivers.c:117:9: warning: incompatible implicit declaration of built-in function 'snprintf' [-Wbuiltin-declaration-mismatch]
  117 |         snprintf(message, sizeof(message), "position %d %d", current_x, current_theta);
      |         ^~~~~~~~
../Core/Src/drivers.c:117:9: note: include '<stdio.h>' or provide a declaration of 'snprintf'
../Core/Src/drivers.c:119:9: warning: incompatible implicit declaration of built-in function 'memset' [-Wbuiltin-declaration-mismatch]
  119 |         memset(message, 0, BUFF_SIZE);
      |         ^~~~~~
../Core/Src/drivers.c:119:9: note: include '<string.h>' or provide a declaration of 'memset'
../Core/Src/drivers.c: In function 'home_motors':
../Core/Src/drivers.c:274:9: warning: incompatible implicit declaration of built-in function 'snprintf' [-Wbuiltin-declaration-mismatch]
  274 |         snprintf(message, sizeof(message), "position %d %d", current_x, current_theta);
      |         ^~~~~~~~
../Core/Src/drivers.c:274:9: note: include '<stdio.h>' or provide a declaration of 'snprintf'
../Core/Src/drivers.c:254:13: warning: unused variable 'flag' [-Wunused-variable]
  254 |         int flag = 0;
      |             ^~~~
arm-none-eabi-gcc -o "main_code.elf" @"objects.list"   -mcpu=cortex-m4 -T"C:\Cloud\Endoscope-Support\stm32_code\main_code\STM32L476RGTX_FLASH.ld" --specs=nosys.specs -Wl,-Map="main_code.map" -Wl,--gc-sections -static -u _printf_float --specs=nano.specs -mfpu=fpv4-sp-d16 -mfloat-abi=hard -mthumb -Wl,--start-group -lc -lm -Wl,--end-group
Finished building target: main_code.elf
 
arm-none-eabi-size  main_code.elf 
arm-none-eabi-objdump -h -S main_code.elf  > "main_code.list"
   text	   data	    bss	    dec	    hex	filename
  45752	   2104	   2576	  50432	   c500	main_code.elf
Finished building: default.size.stdout
 
Finished building: main_code.list
 

14:21:08 Build Finished. 0 errors, 8 warnings. (took 1s.605ms)

