../Core/Src/drivers.c:19:6:send1Pulse	24	static
../Core/Src/drivers.c:30:6:sendNPulse	24	static
../Core/Src/drivers.c:38:6:translate	24	static
../Core/Src/drivers.c:59:6:rotate	160	static
../Core/Src/drivers.c:83:6:move	168	static
../Core/Src/drivers.c:106:6:move_to	176	static
../Core/Src/drivers.c:136:6:setMicrosteppingMode	32	static
../Core/Src/drivers.c:174:6:setDirection	16	static
../Core/Src/drivers.c:188:6:setEnable	16	static
../Core/Src/drivers.c:198:6:setReset	16	static
../Core/Src/drivers.c:211:6:setSleep	16	static
../Core/Src/drivers.c:227:6:initializeDrivers	8	static
../Core/Src/drivers.c:244:6:home_motors	152	static
../Core/Src/drivers.c:264:5:get_translation_time	24	static
../Core/Src/drivers.c:272:5:get_rotation_time	24	static
../Core/Src/drivers.c:281:6:update_speeds	16	static
