../Core/Src/drivers.c:19:6:send1Pulse	24	static
../Core/Src/drivers.c:29:6:sendNPulse	24	static
../Core/Src/drivers.c:38:6:translate	24	static
../Core/Src/drivers.c:58:6:rotate	24	static
../Core/Src/drivers.c:75:6:move	168	static
../Core/Src/drivers.c:102:6:move_to	176	static
../Core/Src/drivers.c:136:6:setMicrosteppingMode	32	static
../Core/Src/drivers.c:180:6:setDirection	16	static
../Core/Src/drivers.c:194:6:setEnable	16	static
../Core/Src/drivers.c:204:6:setReset	16	static
../Core/Src/drivers.c:217:6:setSleep	16	static
../Core/Src/drivers.c:233:6:initializeDrivers	8	static
../Core/Src/drivers.c:251:6:home_motors	152	static
../Core/Src/drivers.c:280:5:get_translation_time	24	static
../Core/Src/drivers.c:288:5:get_rotation_time	24	static
../Core/Src/drivers.c:297:6:update_speeds	16	static
