../Core/Src/main.c:74:1:__io_putchar	16	static
../Core/Src/main.c:88:6:HAL_TIM_IC_CaptureCallback	24	static
../Core/Src/main.c:108:6:delayMicroseconds	24	static
../Core/Src/main.c:116:6:sendBit1	8	static
../Core/Src/main.c:126:6:sendBit0	8	static
../Core/Src/main.c:136:6:sendSIRCSData	24	static
../Core/Src/main.c:168:5:main	8	static
../Core/Src/main.c:236:6:SystemClock_Config	96	static
../Core/Src/main.c:286:13:MX_TIM2_Init	40	static
../Core/Src/main.c:331:13:MX_TIM3_Init	64	static
../Core/Src/main.c:390:13:MX_TIM5_Init	40	static
../Core/Src/main.c:435:13:MX_TIM16_Init	80	static
../Core/Src/main.c:497:13:MX_USART2_UART_Init	8	static
../Core/Src/main.c:532:13:MX_GPIO_Init	48	static
../Core/Src/main.c:604:6:Error_Handler	4	static,ignoring_inline_asm
