../Core/Src/main.c:70:1:__io_putchar	16	static
../Core/Src/main.c:84:6:HAL_TIM_IC_CaptureCallback	24	static
../Core/Src/main.c:105:6:delayMicroseconds	24	static
../Core/Src/main.c:113:6:sendBit1	8	static
../Core/Src/main.c:123:6:sendBit0	8	static
../Core/Src/main.c:133:6:sendNecData	24	static
../Core/Src/main.c:170:5:main	16	static
../Core/Src/main.c:234:6:SystemClock_Config	96	static
../Core/Src/main.c:284:13:MX_TIM5_Init	40	static
../Core/Src/main.c:329:13:MX_TIM16_Init	80	static
../Core/Src/main.c:391:13:MX_USART2_UART_Init	8	static
../Core/Src/main.c:426:13:MX_GPIO_Init	48	static
../Core/Src/main.c:464:6:Error_Handler	4	static,ignoring_inline_asm
